// Vitest Snapshot v1

exports[`ProjectListEntry component > should match snapshot 1`] = `
<body>
  <div>
    <div
      class="card card-shadow card-rounded card-border mt-4 s-CTyDWs24qi3Z"
    >
      <a
        class="p-4 flex-grow full truncate text-center project-title s-kSbj4w364X09"
        data-testid="curl-group-list-entry-1-title"
        href="/project/1/group/1"
      >
        Login Journey
      </a>
       
      <p
        class="p-4 flex-grow project-description s-kSbj4w364X09"
        data-testid="curl-group-list-entry-1-description"
      >
        cURL group defining a user journey!
      </p>
       
      <div
        aria-label="Project labels"
        class="flex flex-grow flex-wrap justify-center project-label-container s-kSbj4w364X09"
      >
        <span
          class="s-kSbj4w364X09"
          data-testid="curl-group-list-entry-1-label-label 1"
        >
          <span
            class="tag tag-pill s-1BpX-UQ-3FT-"
          >
            label 1
          </span>
          <!--&lt;Tag&gt;-->
           
        </span>
        <span
          class="s-kSbj4w364X09"
          data-testid="curl-group-list-entry-1-label-label 2"
        >
          <span
            class="tag tag-pill s-1BpX-UQ-3FT-"
          >
            label 2
          </span>
          <!--&lt;Tag&gt;-->
           
        </span>
      </div>
    </div>
    <!--&lt;Card&gt;-->
    <!--&lt;CurlGroupListEntry&gt;-->
  </div>
</body>
`;
